// Jest Snapshot v1, https://goo.gl/fbAQLP

exports[`Pageview data should render correctly 1`] = `
<div>
  <div>
    <span>
      /index
    </span>
    :
     
    <span>
      4
       
      page views
    </span>
  </div>
</div>
`;
